// Jest Snapshot v1, https://goo.gl/fbAQLP

exports[`SearchForm should match the snapshot 1`] = `
<header>
  <h1>
    What's New
  </h1>
  <div
    className="searchContainer"
  >
    <input
      name="title"
      onChange={[Function]}
      placeholder="Search"
      type="text"
      value=""
    />
    <button
      className="searchButton"
      onClick={[Function]}
    >
      Search
    </button>
  </div>
</header>
`;
